// Jest Snapshot v1, https://goo.gl/fbAQLP

exports[`WebhookHandler posts messages on failures 1`] = `
Object {
  "blocks": Array [
    Object {
      "text": Object {
        "text": ":x: A status check has failed in \`master\`!

*Commit message*: commit message",
        "type": "mrkdwn",
      },
      "type": "section",
    },
    Object {
      "fields": Array [
        Object {
          "text": "*Job*: <https://url-to-job|job context>",
          "type": "mrkdwn",
        },
        Object {
          "text": "*Message*: <https://url-to-job|job description>",
          "type": "mrkdwn",
        },
        Object {
          "text": "*State*: \`failure\`",
          "type": "mrkdwn",
        },
        Object {
          "text": "*Commit*: <https://github.com/owner/repo/commit/1234567890abcdef1234567890|\`1234567890abcdef\`...> ",
          "type": "mrkdwn",
        },
      ],
      "type": "section",
    },
    Object {
      "elements": Array [
        Object {
          "alt_text": "Status Check Avatar",
          "image_url": "https://avatar-url",
          "type": "image",
        },
        Object {
          "alt_text": "Author Avatar",
          "image_url": "https://author-avatar-url",
          "type": "image",
        },
        Object {
          "text": "*Commit Author*: \`author-login\`",
          "type": "mrkdwn",
        },
      ],
      "type": "context",
    },
  ],
}
`;
