// Jest Snapshot v1, https://goo.gl/fbAQLP

exports[`WebhookHandler posts messages on failures 1`] = `
Object {
  "blocks": Array [
    Object {
      "text": Object {
        "text": ":x: Status checks have failed in \`master\`!
*Commit*: <https://github.com/owner/repo/commit/1234567890abcdef1234567890|\`1234567890abcdef1234567890\`...>
*Commit message*: commit message
*Failing jobs*:
• <https://url-to-job|first failure> (job description) (failure)
• <https://url-to-job|second failure> (job description) (failure)
• <https://url-to-job|final failure> (job description) (failure)",
        "type": "mrkdwn",
      },
      "type": "section",
    },
    Object {
      "elements": Array [
        Object {
          "alt_text": "Author Avatar",
          "image_url": "https://author-avatar-url",
          "type": "image",
        },
        Object {
          "text": "*Commit Author*: \`author-login\`",
          "type": "mrkdwn",
        },
      ],
      "type": "context",
    },
  ],
}
`;
